// Jest Snapshot v1, https://goo.gl/fbAQLP

exports[`FourOhFour when rendered should render correctly 1`] = `
<h1>
  404 PAGE NOT FOUND
</h1>
`;
